// Jest Snapshot v1, https://goo.gl/fbAQLP

exports[`renders correctly 1`] = `
<div
  className="main pt-5 pb-5 fdb-block container-fluid"
>
  <div
    className="align-items-center row"
  >
    <div
      className="col-md-4 col-sm-12 offset-md-2"
    >
      <h2
        className="titles"
      >
        whyDonate.title
      </h2>
      <p
        className="mt-4"
      >
        aboutUsContent.title.paragraph
      </p>
      <a
        className="donateButton btn btn-primary"
        href="donate"
        onClick={[Function]}
        onKeyDown={[Function]}
      >
        donate.button
      </a>
    </div>
    <div
      className="col-md-6 col-sm-12"
    >
      <img
        alt="whyDonate"
        className="whyDonate"
        src="whyDonate.png"
      />
    </div>
  </div>
</div>
`;
