// Jest Snapshot v1, https://goo.gl/fbAQLP

exports[`renders correctly 1`] = `
Array [
  <div
    className="row"
  />,
  <div
    className="justify-content-center row"
  />,
]
`;
