// Jest Snapshot v1, https://goo.gl/fbAQLP

exports[`renders correctly 1`] = `
<div
  className="main pt-5 pb-5 fdb-block container-fluid"
>
  <div
    className="row"
  >
    <div
      className="col-md-8 offset-md-2 text-center col"
    >
      <h1
        className="title"
      >
        donate.title
      </h1>
    </div>
  </div>
</div>
`;
